\c
-- Show the values of all GUC variables
-- start_ignore
-- naptime cannot be 0 on Release build, so it will be 2
SHOW diskquota.naptime;
 diskquota.naptime 
-------------------
 0
(1 row)
-- end_ignore
SHOW diskquota.max_active_tables;
 diskquota.max_active_tables 
-----------------------------
 307200
(1 row)

SHOW diskquota.worker_timeout;
 diskquota.worker_timeout 
--------------------------
 60
(1 row)

SHOW diskquota.hard_limit;
 diskquota.hard_limit 
----------------------
 off
(1 row)

