SHOW diskquota.naptime;
 diskquota.naptime 
-------------------
 2
(1 row)

