select * from diskquota.status() where name not like '%version';
    name     | status 
-------------+--------
 soft limits | on
 hard limits | off
(2 rows)

\! gpconfig -c "diskquota.hard_limit" -v "on" > /dev/null
\! gpstop -u > /dev/null
select * from diskquota.status() where name not like '%version';
    name     | status 
-------------+--------
 soft limits | on
 hard limits | on
(2 rows)

\! gpconfig -c "diskquota.hard_limit" -v "off" > /dev/null
\! gpstop -u > /dev/null
select * from diskquota.status() where name not like '%version';
    name     | status 
-------------+--------
 soft limits | on
 hard limits | off
(2 rows)

select from diskquota.pause();
--
(1 row)

select * from diskquota.status() where name not like '%version';
    name     | status 
-------------+--------
 soft limits | paused
 hard limits | off
(2 rows)

\! gpconfig -c "diskquota.hard_limit" -v "on" > /dev/null
\! gpstop -u > /dev/null
select * from diskquota.status() where name not like '%version';
    name     | status 
-------------+--------
 soft limits | paused
 hard limits | paused
(2 rows)

\! gpconfig -c "diskquota.hard_limit" -v "off" > /dev/null
\! gpstop -u > /dev/null
select * from diskquota.status() where name not like '%version';
    name     | status 
-------------+--------
 soft limits | paused
 hard limits | off
(2 rows)

select from diskquota.resume();
--
(1 row)

\! gpconfig -c "diskquota.hard_limit" -v "off" > /dev/null
\! gpstop -u > /dev/null
select * from diskquota.status() where name not like '%version';
    name     | status 
-------------+--------
 soft limits | on
 hard limits | off
(2 rows)

