-- Test schema
-- start_ignore
\! mkdir -p /tmp/indexspc
-- end_ignore
CREATE SCHEMA indexschema1;
DROP TABLESPACE  IF EXISTS indexspc;
NOTICE:  tablespace "indexspc" does not exist, skipping
CREATE TABLESPACE indexspc LOCATION '/tmp/indexspc';
SET search_path TO indexschema1;
CREATE TABLE test_index_a(i int) TABLESPACE indexspc DISTRIBUTED BY (i);
INSERT INTO test_index_a SELECT generate_series(1,20000);
SELECT diskquota.set_schema_tablespace_quota('indexschema1', 'indexspc','2 MB');
 set_schema_tablespace_quota 
-----------------------------
 
(1 row)

SELECT diskquota.wait_for_worker_new_epoch();
 wait_for_worker_new_epoch 
---------------------------
 t
(1 row)

SELECT schema_name, tablespace_name, quota_in_mb, nspsize_tablespace_in_bytes 
FROM diskquota.show_fast_schema_tablespace_quota_view 
WHERE schema_name='indexschema1' and tablespace_name='indexspc';
 schema_name  | tablespace_name | quota_in_mb | nspsize_tablespace_in_bytes 
--------------+-----------------+-------------+-----------------------------
 indexschema1 | indexspc        |           2 |                     1081344
(1 row)

SELECT tableid::regclass, size, segid 
FROM diskquota.table_size 
WHERE tableid = 'test_index_a'::regclass
ORDER BY segid;
   tableid    |  size   | segid 
--------------+---------+-------
 test_index_a | 1081344 |    -1
 test_index_a |  360448 |     0
 test_index_a |  360448 |     1
 test_index_a |  360448 |     2
(4 rows)

-- create index for the table, index in default tablespace
CREATE INDEX a_index ON test_index_a(i);
INSERT INTO test_index_a SELECT generate_series(1,10000);
SELECT diskquota.wait_for_worker_new_epoch();
 wait_for_worker_new_epoch 
---------------------------
 t
(1 row)

-- expect insert success
INSERT INTO test_index_a SELECT generate_series(1,100);
SELECT schema_name,tablespace_name,quota_in_mb,nspsize_tablespace_in_bytes FROM diskquota.show_fast_schema_tablespace_quota_view WHERE schema_name ='indexschema1' and tablespace_name='indexspc';
 schema_name  | tablespace_name | quota_in_mb | nspsize_tablespace_in_bytes 
--------------+-----------------+-------------+-----------------------------
 indexschema1 | indexspc        |           2 |                     1441792
(1 row)

SELECT tableid::regclass, size, segid 
FROM diskquota.table_size 
WHERE tableid = 'test_index_a'::regclass
ORDER BY segid;
   tableid    |  size   | segid 
--------------+---------+-------
 test_index_a | 1441792 |    -1
 test_index_a |  491520 |     0
 test_index_a |  491520 |     1
 test_index_a |  458752 |     2
(4 rows)

SELECT tableid::regclass, size, segid 
FROM diskquota.table_size 
WHERE tableid = 'a_index'::regclass
ORDER BY segid;
 tableid |  size   | segid 
---------+---------+-------
 a_index | 1212416 |    -1
 a_index |  393216 |     0
 a_index |  393216 |     1
 a_index |  393216 |     2
(4 rows)

-- add index to tablespace indexspc
ALTER index a_index SET TABLESPACE indexspc;
SELECT diskquota.wait_for_worker_new_epoch();
 wait_for_worker_new_epoch 
---------------------------
 t
(1 row)

SELECT schema_name,tablespace_name,quota_in_mb,nspsize_tablespace_in_bytes FROM diskquota.show_fast_schema_tablespace_quota_view WHERE schema_name ='indexschema1' and tablespace_name='indexspc';
 schema_name  | tablespace_name | quota_in_mb | nspsize_tablespace_in_bytes 
--------------+-----------------+-------------+-----------------------------
 indexschema1 | indexspc        |           2 |                     2654208
(1 row)

SELECT size, segid FROM diskquota.table_size , pg_class where tableid=oid and (relname='test_index_a' or relname='a_index') and segid=-1;
  size   | segid 
---------+-------
 1212416 |    -1
 1441792 |    -1
(2 rows)

-- expect insert fail
INSERT INTO test_index_a SELECT generate_series(1,100);
ERROR:  tablespace: indexspc, schema: indexschema1 diskquota exceeded
-- index tablespace quota exceeded 
ALTER table test_index_a SET TABLESPACE pg_default;
SELECT diskquota.wait_for_worker_new_epoch();
 wait_for_worker_new_epoch 
---------------------------
 t
(1 row)

-- expect insert success
INSERT INTO test_index_a SELECT generate_series(1,100);
INSERT INTO test_index_a SELECT generate_series(1,200000);
SELECT diskquota.wait_for_worker_new_epoch();
 wait_for_worker_new_epoch 
---------------------------
 t
(1 row)

-- expect insert fail
INSERT INTO test_index_a SELECT generate_series(1,100);
ERROR:  tablespace: indexspc, schema: indexschema1 diskquota exceeded
RESET search_path;
DROP INDEX indexschema1.a_index;
DROP TABLE indexschema1.test_index_a;
DROP SCHEMA indexschema1;
DROP TABLESPACE indexspc;
