\! gpconfig -c shared_preload_libraries -v '' > /dev/null 
\! gpstop -far > /dev/null
\c
CREATE ROLE test SUPERUSER;
SET ROLE test;
-- Create table with diskquota disabled
CREATE TABLE t_without_diskquota (i) AS SELECT generate_series(1, 100000)
DISTRIBUTED BY (i);
\! gpconfig -c shared_preload_libraries -v $(./data/current_binary_name) > /dev/null
\! gpstop -far > /dev/null
\c
SET ROLE test;
-- Init table_size to include the table
SELECT diskquota.init_table_size_table();
 init_table_size_table 
-----------------------
 
(1 row)

-- Restart to load diskquota.table_size to the memory.
\! gpstop -far > /dev/null
\c
SET ROLE test;
SELECT diskquota.wait_for_worker_new_epoch();
 wait_for_worker_new_epoch 
---------------------------
 t
(1 row)

SELECT tableid::regclass, size, segid FROM diskquota.table_size
WHERE tableid = 't_without_diskquota'::regclass ORDER BY segid;
       tableid       |  size   | segid 
---------------------+---------+-------
 t_without_diskquota | 3637248 |    -1
 t_without_diskquota | 1212416 |     0
 t_without_diskquota | 1212416 |     1
 t_without_diskquota | 1212416 |     2
(4 rows)

-- Ensure that the table is not active
SELECT diskquota.diskquota_fetch_table_stat(0, ARRAY[]::oid[])
FROM gp_dist_random('gp_id');
 diskquota_fetch_table_stat 
----------------------------
(0 rows)

SELECT diskquota.set_role_quota(current_role, '1MB');
 set_role_quota 
----------------
 
(1 row)

SELECT diskquota.wait_for_worker_new_epoch();
 wait_for_worker_new_epoch 
---------------------------
 t
(1 row)

-- Expect that current role is in the rejectmap 
SELECT rolname FROM pg_authid, diskquota.rejectmap WHERE oid = target_oid;
 rolname 
---------
 test
(1 row)

SELECT diskquota.set_role_quota(current_role, '-1');
 set_role_quota 
----------------
 
(1 row)

SELECT diskquota.wait_for_worker_new_epoch();
 wait_for_worker_new_epoch 
---------------------------
 t
(1 row)

SELECT rolname FROM pg_authid, diskquota.rejectmap WHERE oid = target_oid;
 rolname 
---------
(0 rows)

DROP TABLE t_without_diskquota;
RESET ROLE;
DROP ROLE test;
