-- Test vacuum full
CREATE SCHEMA s6;
SELECT diskquota.set_schema_quota('s6', '1 MB');
 set_schema_quota 
------------------
 
(1 row)

SET search_path TO s6;
CREATE TABLE a (i int) DISTRIBUTED BY (i);
NOTICE:  Table doesn't have 'DISTRIBUTED BY' clause -- Using column named 'i' as the Greenplum Database data distribution key for this table.
HINT:  The 'DISTRIBUTED BY' clause determines the distribution of data. Make sure column(s) chosen are the optimal data distribution key to minimize skew.
CREATE TABLE b (i int) DISTRIBUTED BY (i);
NOTICE:  Table doesn't have 'DISTRIBUTED BY' clause -- Using column named 'i' as the Greenplum Database data distribution key for this table.
HINT:  The 'DISTRIBUTED BY' clause determines the distribution of data. Make sure column(s) chosen are the optimal data distribution key to minimize skew.
INSERT INTO a SELECT generate_series(1,100000);
SELECT diskquota.wait_for_worker_new_epoch();
 wait_for_worker_new_epoch 
---------------------------
 t
(1 row)

-- expect insert fail
INSERT INTO a SELECT generate_series(1,10);
ERROR:  schema's disk space quota exceeded with name: s6
-- expect insert fail
INSERT INTO b SELECT generate_series(1,10);
ERROR:  schema's disk space quota exceeded with name: s6
DELETE FROM a WHERE i > 10;
SELECT diskquota.wait_for_worker_new_epoch();
 wait_for_worker_new_epoch 
---------------------------
 t
(1 row)

VACUUM FULL a;
SELECT diskquota.wait_for_worker_new_epoch();
 wait_for_worker_new_epoch 
---------------------------
 t
(1 row)

SELECT tableid::regclass, size, segid from diskquota.table_size WHERE tableid::regclass::name NOT LIKE '%.%' ORDER BY size, segid DESC;
 tableid | size  | segid 
---------+-------+-------
 b       |     0 |     2
 b       |     0 |     1
 b       |     0 |     0
 b       |     0 |    -1
 a       | 32768 |     2
 a       | 32768 |     1
 a       | 32768 |     0
 a       | 98304 |    -1
(8 rows)

-- expect insert succeed
INSERT INTO a SELECT generate_series(1,10);
INSERT INTO b SELECT generate_series(1,10);
DROP TABLE a, b;
RESET search_path;
DROP SCHEMA s6;
