\! gpconfig -c shared_preload_libraries -v 'diskquota-2.1.so' > /dev/null
\! gpstop -raf > /dev/null
\! gpconfig -s 'shared_preload_libraries'
Values on all segments are consistent
GUC          : shared_preload_libraries
Master  value: diskquota-2.1.so
Segment value: diskquota-2.1.so
\c
alter extension diskquota update to '2.1';
\! sleep 5
