-- need run 2.1_set_quota before run this test
-- FIXME add version check here
\! sleep 5
insert into s1.a select generate_series(1, 10000000); -- fail.
ERROR:  schema's disk space quota exceeded with name: s1
insert into srole.b select generate_series(1, 100000); -- fail.
ERROR:  role's disk space quota exceeded with name: u1
insert into rolespcrole.b select generate_series(1, 100000); -- fail.
ERROR:  tablespace: rolespc, role: rolespcu1 diskquota exceeded
insert into spcs1.a select generate_series(1, 100000); -- fail.
ERROR:  tablespace: schemaspc, schema: spcs1 diskquota exceeded
drop table s1.a, srole.b, spcs1.a, rolespcrole.b;
drop schema s1, srole, spcs1, rolespcrole;
drop tablespace rolespc;
drop tablespace schemaspc;
drop role u1, rolespcu1;
