!\retcode gpconfig -c "diskquota.hard_limit" -v "on" > /dev/null;
-- start_ignore

-- end_ignore
(exited with code 0)
!\retcode gpstop -u > /dev/null;
-- start_ignore

-- end_ignore
(exited with code 0)

1: CREATE SCHEMA postmaster_restart_s;
CREATE
1: SET search_path TO postmaster_restart_s;
SET

1: SELECT diskquota.set_schema_quota('postmaster_restart_s', '1 MB');
 set_schema_quota 
------------------
                  
(1 row)
1: SELECT diskquota.wait_for_worker_new_epoch();
 wait_for_worker_new_epoch 
---------------------------
 t                         
(1 row)

-- expect fail
1: CREATE TABLE t1 AS SELECT generate_series(1,10000000);
ERROR:  schema's disk space quota exceeded with name: 33502  (seg2 127.0.0.1:7004 pid=675047)
1q: ... <quitting>

-- launcher should exist
-- [p]ostgres is to filter out the pgrep itself
!\retcode pgrep -f "[p]ostgres.*launcher";
-- start_ignore
673843
673846
673855
673857
673872
673875
673925
673943
673944

-- end_ignore
(exited with code 0)
-- bgworker should exist
!\retcode pgrep -f "[p]ostgres.*diskquota.*isolation2test";
-- start_ignore
674189

-- end_ignore
(exited with code 0)

-- stop postmaster
!\retcode pg_ctl -D $MASTER_DATA_DIRECTORY -w stop;
-- start_ignore
waiting for server to shut down.... done
server stopped

-- end_ignore
(exited with code 0)

-- launcher should be terminated
!\retcode pgrep -f "[p]ostgres.*launcher";
-- start_ignore
673843
673846
673855
673857
673872
673875

-- end_ignore
(exited with code 0)
-- bgworker should be terminated
!\retcode pgrep -f "[p]ostgres.*diskquota.*isolation2test";
-- start_ignore

-- end_ignore
(exited with code 1)

-- start postmaster
-- -E needs to be changed to "-c gp_role=dispatch" for GPDB7
-- See https://github.com/greenplum-db/gpdb/pull/9396
!\retcode pg_ctl -D $MASTER_DATA_DIRECTORY -w -o "-c gp_role=dispatch" start;
-- start_ignore
waiting for server to start....2023-03-06 16:13:41.483928 CST,,,p675192,th987391872,,,,0,,,seg-1,,,,,"LOG","00000","starting PostgreSQL 12.12 (Greenplum Database 7.0.0-beta.1+dev.215.gb9adc4ece5 build dev) on x86_64-pc-linux-gnu, compiled by clang version 15.0.7, 64-bit",,,,,,,,"PostmasterMain","postmaster.c",1237,
2023-03-06 16:13:41.484093 CST,,,p675192,th987391872,,,,0,,,seg-1,,,,,"LOG","00000","listening on IPv4 address ""0.0.0.0"", port 7000",,,,,,,,"StreamServerPort","pqcomm.c",631,
2023-03-06 16:13:41.484153 CST,,,p675192,th987391872,,,,0,,,seg-1,,,,,"LOG","00000","listening on IPv6 address ""::"", port 7000",,,,,,,,"StreamServerPort","pqcomm.c",631,
2023-03-06 16:13:41.484241 CST,,,p675192,th987391872,,,,0,,,seg-1,,,,,"LOG","00000","listening on Unix socket ""/tmp/.s.PGSQL.7000""",,,,,,,,"StreamServerPort","pqcomm.c",625,
2023-03-06 16:13:41.510380 CST,,,p675192,th987391872,,,,0,,,seg-1,,,,,"LOG","00000","redirecting log output to logging collector process",,"Future log output will appear in directory ""log"".",,,,,,"SysLogger_Start","syslogger.c",929,
 done
server started

-- end_ignore
(exited with code 0)
-- Hopefully the bgworker can be started in 5 seconds
!\retcode sleep 5;
-- start_ignore

-- end_ignore
(exited with code 0)

-- launcher should be restarted
!\retcode pgrep -f "[p]ostgres.*launcher";
-- start_ignore
673843
673846
673855
673857
673872
673875
675198
675213
675217

-- end_ignore
(exited with code 0)
-- bgworker should be restarted
!\retcode pgrep -f "[p]ostgres.*diskquota.*isolation2test";
-- start_ignore
675239

-- end_ignore
(exited with code 0)

1: SET search_path TO postmaster_restart_s;
SET
1: SELECT diskquota.wait_for_worker_new_epoch();
 wait_for_worker_new_epoch 
---------------------------
 t                         
(1 row)
-- expect fail
1: CREATE TABLE t2 AS SELECT generate_series(1,10000000);
ERROR:  schema's disk space quota exceeded with name: 33502  (seg2 127.0.0.1:7004 pid=679604)
-- enlarge the quota limits
1: SELECT diskquota.set_schema_quota('postmaster_restart_s', '100 MB');
 set_schema_quota 
------------------
                  
(1 row)
1: SELECT diskquota.wait_for_worker_new_epoch();
 wait_for_worker_new_epoch 
---------------------------
 t                         
(1 row)
-- expect succeed
1: CREATE TABLE t3 AS SELECT generate_series(1,1000000);
CREATE 1000000

1: DROP SCHEMA postmaster_restart_s CASCADE;
DROP
1q: ... <quitting>
!\retcode gpconfig -c "diskquota.hard_limit" -v "off" > /dev/null;
-- start_ignore

-- end_ignore
(exited with code 0)
