
!\retcode gpconfig -c shared_preload_libraries -v $(./data/current_binary_name);
(exited with code 0)
!\retcode gpconfig -c diskquota.naptime -v 0 --skipvalidation;
(exited with code 0)
!\retcode gpconfig -c max_worker_processes -v 20 --skipvalidation;
(exited with code 0)

!\retcode gpstop -raf;
(exited with code 0)

-- Show the values of all GUC variables
--start_ignore
-- naptime cannot be 0 for release build
1: SHOW diskquota.naptime;
 diskquota.naptime 
-------------------
 0                 
(1 row)
--end_ignore
1: SHOW diskquota.max_active_tables;
 diskquota.max_active_tables 
-----------------------------
 1048576                     
(1 row)
1: SHOW diskquota.worker_timeout;
 diskquota.worker_timeout 
--------------------------
 60                       
(1 row)
