!\retcode gpconfig -c diskquota.naptime -v 2;
(exited with code 0)
!\retcode gpstop -u;
(exited with code 0)

1: SHOW diskquota.naptime;
 diskquota.naptime 
-------------------
 2                 
(1 row)
