-- Test one session read tablespace segratio,
-- and at the same time, another session
-- update or insert the segratio

-- start_ignore
!\retcode mkdir -p /tmp/spc101;
-- start_ignore

-- end_ignore
(exited with code 0)
-- end_ignore
CREATE SCHEMA s101;
CREATE
DROP TABLESPACE IF EXISTS spc101;
DROP
CREATE TABLESPACE spc101 LOCATION '/tmp/spc101';
CREATE

--
-- There is no tablesapce per segment quota configed yet
--

-- Read commited, first set_per_segment_quota, then set_schema_tablespace_quota
1: BEGIN;
BEGIN
1: SELECT diskquota.set_per_segment_quota('spc101', 1);
 set_per_segment_quota 
-----------------------
                       
(1 row)
2: BEGIN;
BEGIN
2&: SELECT diskquota.set_schema_tablespace_quota('s101', 'spc101','1 MB');  <waiting ...>
1: COMMIT;
COMMIT
2<:  <... completed>
 set_schema_tablespace_quota 
-----------------------------
                             
(1 row)
2: COMMIT;
COMMIT

SELECT segratio FROM diskquota.quota_config, pg_namespace, diskquota.target WHERE targetoid = diskquota.target.rowId AND diskquota.target.primaryOid = oid AND nspname = 's101';
 segratio 
----------
 1.0      
(1 row)
SELECT segratio from diskquota.quota_config, pg_tablespace where targetoid = oid and spcname = 'spc101';
 segratio 
----------
 1.0      
(1 row)
-- cleanup
truncate table diskquota.quota_config;
TRUNCATE
truncate table diskquota.target;
TRUNCATE

-- Read commited, first set_schema_tablespace_quota, then set_per_segment_quota,
1: BEGIN;
BEGIN
1: SELECT diskquota.set_schema_tablespace_quota('s101', 'spc101','1 MB');
 set_schema_tablespace_quota 
-----------------------------
                             
(1 row)
2: BEGIN;
BEGIN
2&: SELECT diskquota.set_per_segment_quota('spc101', 1);  <waiting ...>
1: COMMIT;
COMMIT
2<:  <... completed>
 set_per_segment_quota 
-----------------------
                       
(1 row)
2: COMMIT;
COMMIT

SELECT segratio FROM diskquota.quota_config, pg_namespace, diskquota.target WHERE targetoid = diskquota.target.rowId AND diskquota.target.primaryOid = oid AND nspname = 's101';
 segratio 
----------
 1.0      
(1 row)
SELECT segratio from diskquota.quota_config, pg_tablespace where targetoid = oid and spcname = 'spc101';
 segratio 
----------
 1.0      
(1 row)
-- cleanup
truncate table diskquota.quota_config;
TRUNCATE
truncate table diskquota.target;
TRUNCATE

--
-- There is already a tablesapce per segment quota configed
--

-- Read commited, first set_per_segment_quota, then set_schema_tablespace_quota
SELECT diskquota.set_per_segment_quota('spc101', 2);
 set_per_segment_quota 
-----------------------
                       
(1 row)
1: BEGIN;
BEGIN
1: SELECT diskquota.set_per_segment_quota('spc101', 1);
 set_per_segment_quota 
-----------------------
                       
(1 row)
2: BEGIN;
BEGIN
2&: SELECT diskquota.set_schema_tablespace_quota('s101', 'spc101','1 MB');  <waiting ...>
1: COMMIT;
COMMIT
2<:  <... completed>
 set_schema_tablespace_quota 
-----------------------------
                             
(1 row)
2: COMMIT;
COMMIT

SELECT segratio FROM diskquota.quota_config, pg_namespace, diskquota.target WHERE targetoid = diskquota.target.rowId AND diskquota.target.primaryOid = oid AND nspname = 's101';
 segratio 
----------
 1.0      
(1 row)
SELECT segratio from diskquota.quota_config, pg_tablespace where targetoid = oid and spcname = 'spc101';
 segratio 
----------
 1.0      
(1 row)
-- cleanup
truncate table diskquota.quota_config;
TRUNCATE
truncate table diskquota.target;
TRUNCATE

-- Read commited, first set_schema_tablespace_quota, then set_per_segment_quota,
SELECT diskquota.set_per_segment_quota('spc101', 2);
 set_per_segment_quota 
-----------------------
                       
(1 row)
1: BEGIN;
BEGIN
1: SELECT diskquota.set_schema_tablespace_quota('s101', 'spc101','1 MB');
 set_schema_tablespace_quota 
-----------------------------
                             
(1 row)
2: BEGIN;
BEGIN
2&: SELECT diskquota.set_per_segment_quota('spc101', 1);  <waiting ...>
1: COMMIT;
COMMIT
2<:  <... completed>
 set_per_segment_quota 
-----------------------
                       
(1 row)
2: COMMIT;
COMMIT

SELECT segratio FROM diskquota.quota_config, pg_namespace, diskquota.target WHERE targetoid = diskquota.target.rowId AND diskquota.target.primaryOid = oid AND nspname = 's101';
 segratio 
----------
 1.0      
(1 row)
SELECT segratio from diskquota.quota_config, pg_tablespace where targetoid = oid and spcname = 'spc101';
 segratio 
----------
 1.0      
(1 row)
-- cleanup
truncate table diskquota.quota_config;
TRUNCATE
truncate table diskquota.target;
TRUNCATE

-- Read commited, first delete per_segment_quota, then set_schema_tablespace_quota
SELECT diskquota.set_per_segment_quota('spc101', 2);
 set_per_segment_quota 
-----------------------
                       
(1 row)
1: BEGIN;
BEGIN
1: SELECT diskquota.set_per_segment_quota('spc101', -1);
 set_per_segment_quota 
-----------------------
                       
(1 row)
2: BEGIN;
BEGIN
2&: SELECT diskquota.set_schema_tablespace_quota('s101', 'spc101','1 MB');  <waiting ...>
1: COMMIT;
COMMIT
2<:  <... completed>
 set_schema_tablespace_quota 
-----------------------------
                             
(1 row)
2: COMMIT;
COMMIT

SELECT segratio FROM diskquota.quota_config, pg_namespace, diskquota.target WHERE targetoid = diskquota.target.rowId AND diskquota.target.primaryOid = oid AND nspname = 's101';
 segratio 
----------
 0.0      
(1 row)
SELECT segratio from diskquota.quota_config, pg_tablespace where targetoid = oid and spcname = 'spc101';
 segratio 
----------
(0 rows)
-- cleanup
truncate table diskquota.quota_config;
TRUNCATE
truncate table diskquota.target;
TRUNCATE

-- Read commited, first set_schema_tablespace_quota, then delete tablespace per segment ratio
SELECT diskquota.set_per_segment_quota('spc101', 2);
 set_per_segment_quota 
-----------------------
                       
(1 row)
1: BEGIN;
BEGIN
1: SELECT diskquota.set_schema_tablespace_quota('s101', 'spc101','1 MB');
 set_schema_tablespace_quota 
-----------------------------
                             
(1 row)
2: BEGIN;
BEGIN
2&: SELECT diskquota.set_per_segment_quota('spc101', -1);  <waiting ...>
1: COMMIT;
COMMIT
2<:  <... completed>
 set_per_segment_quota 
-----------------------
                       
(1 row)
2: COMMIT;
COMMIT

SELECT segratio FROM diskquota.quota_config, pg_namespace, diskquota.target WHERE targetoid = diskquota.target.rowId AND diskquota.target.primaryOid = oid AND nspname = 's101';
 segratio 
----------
 0.0      
(1 row)
SELECT segratio from diskquota.quota_config, pg_tablespace where targetoid = oid and spcname = 'spc101';
 segratio 
----------
(0 rows)
-- cleanup
truncate table diskquota.quota_config;
TRUNCATE
truncate table diskquota.target;
TRUNCATE
DROP SCHEMA s101;
DROP
DROP TABLESPACE spc101;
DROP
